// Jest Snapshot v1, https://goo.gl/fbAQLP

exports[`ScheduleAppointment should matches snapshot 1`] = `
<View
  style={
    [
      {
        "alignItems": "center",
        "backgroundColor": "#2E50D4",
        "flex": 1,
        "justifyContent": "center",
      },
      undefined,
    ]
  }
>
  <SvgMock
    height={80}
    width={200}
  />
  <ActivityIndicator
    color="#fff"
    size="large"
  />
</View>
`;
